[04:08:11.391] [INFO] Storybook Upgrade - v9.1.20
[04:08:11.407] [INFO] detect-projects-spinner-start: Detecting projects...
[04:08:11.409] [DEBUG] Finding Storybook projects...
[04:08:12.800] [DEBUG] Found 1 Storybook projects
[04:08:12.801] [INFO] detect-projects-spinner: Detecting projects: 1 projects
[04:08:12.801] [DEBUG] Getting Storybook data...
[04:08:12.801] [DEBUG] Getting Storybook info...
[04:08:12.801] [DEBUG] Loading main config...
[04:08:12.848] [DEBUG] Getting stories paths...
[04:08:12.858] [DEBUG] Getting package manager...
[04:08:13.019] [DEBUG] Getting Storybook version...
[04:08:13.020] [DEBUG] /.storybook - Validating before version... 9.1.20
[04:08:13.020] [DEBUG] /.storybook - Validating upgrade compatibility...
[04:08:13.020] [DEBUG] /.storybook - Fetching NPM version information...
[04:08:13.020] [DEBUG] Getting CLI versions from NPM for storybook...
[04:08:13.021] [DEBUG] Getting CLI versions from NPM for storybook@next...
[04:08:13.663] [DEBUG] /.storybook - Evaluating blockers...
[04:08:13.665] [DEBUG] Getting installed version for @storybook/experimental-addon-test...
[04:08:13.808] [INFO] detect-projects-spinner-stop: 1 project detected
[04:08:13.808] [DEBUG] Found 1 valid projects and 0 error projects
[04:08:13.808] [INFO] Upgrading from 9.1.20 to 9.1.20
[04:08:13.821] [INFO] upgrade-dependencies-task-start: Fetching versions to update package.json files..
[04:08:13.821] [DEBUG] Updating dependencies in /.storybook...
[04:08:13.834] [INFO] upgrade-dependencies-task: /package.json
[04:08:13.835] [DEBUG] {
  "upgradedDependencies": []
}
[04:08:13.835] [DEBUG] {
  "upgradedDevDependencies": [
    "@storybook/builder-webpack5@9.1.20",
    "@storybook/react@9.1.20",
    "eslint-plugin-storybook@9.1.20",
    "@storybook/addon-docs@9.1.20"
  ]
}
[04:08:13.835] [DEBUG] {
  "upgradedPeerDependencies": []
}
[04:08:13.836] [DEBUG] Getting CLI versions from NPM for @storybook/builder-webpack5...
[04:08:14.286] [DEBUG] Getting CLI versions from NPM for @storybook/react...
[04:08:14.765] [DEBUG] Getting CLI versions from NPM for eslint-plugin-storybook...
[04:08:15.046] [DEBUG] Getting CLI versions from NPM for @storybook/addon-docs...
[04:08:15.508] [INFO] upgrade-dependencies-task-success: Updated package versions in package.json files
[04:08:15.509] [INFO] detect-automigrations-task-start: Detecting automigrations...
[04:08:15.509] [DEBUG] Starting automigration collection across 1 projects and 16 fixes...
[04:08:15.520] [INFO] detect-automigrations-task: Checking automigrations for /.storybook...
[04:08:15.520] [DEBUG] Processing project: /.storybook
[04:08:15.520] [DEBUG] Checking fix eslintPlugin for project /.storybook...
[04:08:15.521] [DEBUG] Checking fix addon-mdx-gfm-remove for project /.storybook...
[04:08:15.521] [DEBUG] Checking fix addon-storysource-code-panel for project /.storybook...
[04:08:15.521] [DEBUG] Checking fix upgrade-storybook-related-dependencies for project /.storybook...
[04:08:15.521] [DEBUG] Checking for incompatible storybook packages...
[04:08:15.522] [DEBUG] Getting installed version for @storybook/manager-webpack5...
[04:08:15.655] [DEBUG] Getting CLI versions from NPM for @storybook/manager-webpack5...
[04:08:15.924] [DEBUG] Checking fix initial-globals for project /.storybook...
[04:08:15.935] [DEBUG] Checking fix addon-globals-api for project /.storybook...
[04:08:15.937] [DEBUG] Checking fix addon-a11y-addon-test for project /.storybook...
[04:08:15.937] [DEBUG] Checking fix consolidated-imports for project /.storybook...
[04:08:15.938] [DEBUG] Checking fix addon-experimental-test for project /.storybook...
[04:08:15.938] [DEBUG] Using cached installed version for @storybook/experimental-addon-test...
[04:08:15.938] [DEBUG] Checking fix rnstorybook-config for project /.storybook...
[04:08:15.938] [DEBUG] Checking fix remove-addon-interactions for project /.storybook...
[04:08:15.938] [DEBUG] Checking fix renderer-to-framework for project /.storybook...
[04:08:15.938] [DEBUG] Checking fix remove-essential-addons for project /.storybook...
[04:08:15.938] [DEBUG] Checking fix addon-a11y-parameters for project /.storybook...
[04:08:15.938] [DEBUG] Checking fix remove-docs-autodocs for project /.storybook...
[04:08:15.941] [DEBUG] Checking fix wrap-require for project /.storybook...
[04:08:15.955] [INFO] detect-automigrations-task: 
Automigrations detected:
[04:08:15.968] [INFO] detect-automigrations-task: ✔ remove-docs-autodocs
[04:08:15.968] [INFO] detect-automigrations-task-success: 1 automigration(s) detected
[04:08:21.491] [PROMPT] Select automigrations to run {"choice":["remove-docs-autodocs"]}
[04:08:21.491] [INFO] automigrate-/.storybook-task-start: Running automigrations for /.storybook
[04:08:21.504] [INFO] automigrate-/.storybook-task: 🔄 Updating docs parameter in main config file...
[04:08:21.524] [INFO] automigrate-/.storybook-task: 🔄 Updating tags parameter in preview config file...
[04:08:21.540] [INFO] automigrate-/.storybook-task: ✔ remove-docs-autodocs
[04:08:21.540] [INFO] automigrate-/.storybook-task-success: Completed automigrations for /.storybook
[04:08:21.540] [INFO] Installing dependencies...
[04:08:21.540] [INFO] install-dependencies-task-start: Installing dependencies...
[04:08:21.623] [INFO] Already up to date
Done in 19ms using pnpm v12.4.1
[04:08:21.638] [INFO] install-dependencies-task: Already up to date
Done in 19ms using pnpm v12.4.1
[04:08:21.638] [INFO] Dependencies installed
[04:08:21.638] [INFO] install-dependencies-task-success: Dependencies installed
[04:08:21.639] [INFO] Checking the health of your project(s)..
[04:08:21.793] [WARN] /.storybook: 2 issues found
[04:08:21.808] [INFO] The "storybook" package was not found in your package.json.
Installing "storybook" as a direct dev dependency in your package.json is required.
[04:08:21.808] [INFO] Missing Storybook Dependency
[04:08:21.819] [INFO] The "storybook" package was not found in your package.json.
Installing "storybook" as a direct dev dependency in your package.json is required.
[04:08:21.831] [INFO] You are currently using Storybook 9.1.20 but you have packages which are incompatible with it:

- @storybook/manager-webpack5@6.5.16 which depends on 6.5.16
 Repo: https://github.com/storybookjs/storybook/tree/main/lib/core

Please consider updating your packages or contacting the maintainers for compatibility details.

For more on Storybook 9 compatibility, see the linked GitHub issue:
https://github.com/storybookjs/storybook/issues/30944
[04:08:21.831] [INFO] Incompatible Packages
[04:08:21.843] [INFO] You are currently using Storybook 9.1.20 but you have packages which are incompatible with it:

- @storybook/manager-webpack5@6.5.16 which depends on 6.5.16
 Repo: https://github.com/storybookjs/storybook/tree/main/lib/core

Please consider updating your packages or contacting the maintainers for compatibility details.

For more on Storybook 9 compatibility, see the linked GitHub issue:
https://github.com/storybookjs/storybook/issues/30944
[04:08:21.856] [INFO] Storybook doctor is complete!
[04:08:21.867] [INFO] You can always recheck the health of your project(s) by running:
npx storybook doctor
[04:08:21.880] [INFO] The upgrade is complete!
[04:08:21.892] [INFO] Your project(s) have been upgraded successfully, but some issues were found which need your attention, please check Storybook doctor logs above.
[04:08:21.916] [INFO] If you want to learn more about the automigrations that executed in your project(s), please check the following links:

• remove-docs-autodocs
[04:08:21.927] [INFO] For a full list of changes, please check our migration guide: https://storybook.js.org/docs/migration-guide?ref=upgrade